// Jest Snapshot v1, https://goo.gl/fbAQLP

exports[`TemplateComponent itself render 1`] = `"content"`;
